../Src/../Drivers/Include/core_cm0plus.h:741:22:__NVIC_EnableIRQ	16	static
../Src/../Drivers/Include/core_cm0plus.h:848:22:__NVIC_SetPriority	24	static
../Src/main.c:53:6:updateTime	16	static
../Src/main.c:74:5:main	8	static,ignoring_inline_asm
../Src/main.c:96:6:EXTI2_3_IRQHandler	8	static
../Src/main.c:109:6:RTC_IRQHandler	8	static
../Src/main.c:125:6:initInterrupt	8	static
../Src/main.c:142:6:Delay	16	static,ignoring_inline_asm
../Src/main.c:149:5:__io_putchar	16	static
../Src/main.c:162:6:GPIO_State	16	static
../Src/main.c:170:6:GPIO_Init	8	static
../Src/main.c:203:6:LPUART_Init	8	static
../Src/main.c:217:6:RTC_Init	16	static
../Src/main.c:329:6:SystemClockConfig	8	static
