../Src/../Drivers/Include/core_cm0plus.h:741:22:__NVIC_EnableIRQ	16	static
../Src/../Drivers/Include/core_cm0plus.h:848:22:__NVIC_SetPriority	24	static
../Src/main.c:54:6:updateTime	16	static
../Src/main.c:75:5:main	8	static,ignoring_inline_asm
../Src/main.c:97:6:EXTI2_3_IRQHandler	8	static
../Src/main.c:110:6:RTC_IRQHandler	8	static
../Src/main.c:126:6:enterStopMode	8	static
../Src/main.c:133:6:initInterrupt	8	static
../Src/main.c:150:6:Delay	16	static,ignoring_inline_asm
../Src/main.c:157:5:__io_putchar	16	static
../Src/main.c:170:6:GPIO_State	16	static
../Src/main.c:178:6:GPIO_Init	8	static
../Src/main.c:211:6:LPUART_Init	8	static
../Src/main.c:225:6:RTC_Init	16	static
../Src/main.c:337:6:SystemClockConfig	8	static
